Save this message at 0.0
Here is another one at 10.0
